// Jest Snapshot v1, https://goo.gl/fbAQLP

exports[`renders correctly 1`] = `
<div
  className="place-card__rating rating"
>
  <div
    className="place-card__stars rating__stars"
  >
    <span
      style={
        Object {
          "width": "60%",
        }
      }
    />
    <span
      className="visually-hidden"
    >
      Rating
    </span>
  </div>
</div>
`;
