// Jest Snapshot v1, https://goo.gl/fbAQLP

exports[`renders and connects correctly 1`] = `
<div
  id="map"
  style={
    Object {
      "height": "800px",
    }
  }
/>
`;
