// Jest Snapshot v1, https://goo.gl/fbAQLP

exports[`renders correctly 1`] = `
<div
  className="cities__places-container container"
>
  <div
    className="cities__right-section"
  />
</div>
`;
