// Jest Snapshot v1, https://goo.gl/fbAQLP

exports[`renders correctly 1`] = `
<li
  className="reviews__item"
>
  <div
    className="reviews__user user"
  >
    <div
      className="reviews__avatar-wrapper user__avatar-wrapper"
    >
      <img
        alt="Reviews avatar"
        className="reviews__avatar user__avatar"
        height="54"
        src=""
        width="54"
      />
    </div>
    <span
      className="reviews__user-name"
    >
      
    </span>
  </div>
  <div
    className="reviews__info"
  >
    <p
      className="reviews__text"
    >
      
    </p>
    <time
      className="reviews__time"
      dateTime="NaN-NaN-NaN"
    >
      Invalid Date
    </time>
  </div>
</li>
`;
