// Jest Snapshot v1, https://goo.gl/fbAQLP

exports[`renders correctly 1`] = `
<form
  action="post"
  className="reviews__form form"
>
  <label
    className="reviews__label form__label"
    htmlFor="review"
  >
    Your review
  </label>
  <div
    className="reviews__rating-form form__rating"
  />
  <span
    style={
      Object {
        "color": "red",
      }
    }
  />
  <textarea
    className="reviews__textarea form__textarea"
    id="review"
    maxLength={300}
    minLength={50}
    name="review"
    onChange={[Function]}
    placeholder="Tell how was your stay, what you like and what can be improved"
    required={true}
  />
  <div
    className="reviews__button-wrapper"
  >
    <p
      className="reviews__help"
    >
      To submit review please make sure to set 
      <span
        className="reviews__star"
      >
        rating
      </span>
       and describe your stay with at least 
      <b
        className="reviews__text-amount"
      >
         characters
      </b>
      .
    </p>
    <button
      className="reviews__submit form__submit button"
      onClick={[Function]}
      type="submit"
    >
      Submit
    </button>
  </div>
</form>
`;
