// Jest Snapshot v1, https://goo.gl/fbAQLP

exports[`renders and connects correctly 1`] = `
<div
  className="page page--favorites-empty"
>
  <footer
    className="footer"
  >
    <a
      className="footer__logo-link"
      href="/"
      onClick={[Function]}
    >
      <img
        alt="6 cities logo"
        className="footer__logo"
        height="33"
        src="/img/logo.svg"
        width="64"
      />
    </a>
  </footer>
</div>
`;

exports[`renders empty list and connects correctly 1`] = `
<div
  className="page page--favorites-empty"
>
  <footer
    className="footer"
  >
    <a
      className="footer__logo-link"
      href="/"
      onClick={[Function]}
    >
      <img
        alt="6 cities logo"
        className="footer__logo"
        height="33"
        src="/img/logo.svg"
        width="64"
      />
    </a>
  </footer>
</div>
`;
